
Qt Tools:
  Qt Assistant ........................... yes
  libclang found ......................... yes
  Qt Widgets Designer .................... yes
  Qt Distance Field Generator ............ yes
  Qt Linguist ............................ yes
  pixeltool .............................. yes
  qdbus .................................. yes
  QDoc ................................... yes
  Qt Attributions Scanner ................ yes
  qtdiag ................................. yes
  qtplugininfo ........................... yes
SBOM:
  Generate SBOM .......................... yes
  Generate SPDX v2.3 ..................... yes
  Generate SPDX v2.3 JSON ................ yes (skipped if dependencies are missing)
  Verify   SPDX v2.3 JSON ................ yes (skipped if dependencies are missing)
  Generate CyloneDX v1.6 ................. yes
  Verify   CyloneDX v1.6 ................. yes (skipped if dependencies are missing)
  SBOM Python interpreter ................ C:/Python310_64/python.exe (version 3.10.0)
  sbom2doc path .......................... C:/Python310_64/Scripts/sbom2doc.exe
  sbomaudit path ......................... C:/Python310_64/Scripts/sbomaudit.exe
  Generate source SPDX SBOM .............. yes
  Verify   source SPDX SBOM .............. yes
  reuse path ............................. C:/Python310_64/Scripts/reuse.exe
